python : Traceback 
(most recent call 
last):
At line:1 char:42
+ ... nv\Scripts\Acti
vate.ps1; python -c 
"import app.main" 2> 
error_log.txt
+                    
          ~~~~~~~~~~~
~~~~~~~~~~~~~~~~~~~~~
~~~~~~~~~~~~
    + CategoryInfo   
           : NotSpe  
  cified: (Traceba   
 ck (most recent     
call last)::Stri    
ng) [], RemoteEx    
ception
    + FullyQualified 
   ErrorId : Native  
  CommandError
 
  File "<string>", 
line 1, in <module>
  File "C:\Users\jais
w\OneDrive\Escritorio
\HRMS-Lite\backend\ap
p\main.py", line 7, 
in <module>
    from 
app.routes.auth 
import router as 
auth_router
  File "C:\Users\jais
w\OneDrive\Escritorio
\HRMS-Lite\backend\ap
p\routes\auth.py", 
line 4, in <module>
    from app.models 
import Admin
ImportError: cannot 
import name 'Admin' 
from 'app.models' (C:
\Users\jaisw\OneDrive
\Escritorio\HRMS-Lite
\backend\app\models.p
y)
